<html>
<body>
<pre>
<h1>µVision Build Log</h1>
<h2>Project:</h2>
F:\Products\Current\Work\Firmware\ARM7\Entesla & Magicman's ARM7 Dev Board\Firmware v1.0\Final\ARM7 Development Board Source Code\Real Time Clock\RTC.uvproj
Project File Date:  04/30/2011

<h2>Output:</h2>
Build target 'Target 1'
assembling Startup.s...
compiling clcd.c...
clcd.c(246): warning:  #186-D: pointless comparison of unsigned integer with zero
compiling rtc.c...
compiling main.c...
main.c(64): warning:  #1-D: last line of file ends without a newline
linking...
Program Size: Code=3932 RO-data=16 RW-data=0 ZI-data=1256  
FromELF: creating hex file...
"RTC.axf" - 0 Error(s), 2 Warning(s).
Build target 'Target 1'
assembling Startup.s...
compiling clcd.c...
clcd.c(246): warning:  #186-D: pointless comparison of unsigned integer with zero
compiling rtc.c...
compiling main.c...
linking...
Program Size: Code=3932 RO-data=16 RW-data=0 ZI-data=1256  
FromELF: creating hex file...
"RTC.axf" - 0 Error(s), 1 Warning(s).
Build target 'Target 1'
assembling Startup.s...
compiling clcd.c...
clcd.c(246): warning:  #186-D: pointless comparison of unsigned integer with zero
compiling rtc.c...
compiling main.c...
main.c(67): error:  #65: expected a ";"
Target not created
Build target 'Target 1'
assembling Startup.s...
compiling clcd.c...
clcd.c(246): warning:  #186-D: pointless comparison of unsigned integer with zero
compiling rtc.c...
compiling main.c...
linking...
Program Size: Code=4176 RO-data=16 RW-data=0 ZI-data=1256  
FromELF: creating hex file...
"RTC.axf" - 0 Error(s), 1 Warning(s).
Build target 'Target 1'
assembling Startup.s...
compiling clcd.c...
clcd.c(246): warning:  #186-D: pointless comparison of unsigned integer with zero
compiling rtc.c...
compiling main.c...
linking...
Program Size: Code=4188 RO-data=16 RW-data=0 ZI-data=1256  
FromELF: creating hex file...
"RTC.axf" - 0 Error(s), 1 Warning(s).
Build target 'Target 1'
assembling Startup.s...
compiling clcd.c...
clcd.c(246): warning:  #186-D: pointless comparison of unsigned integer with zero
compiling rtc.c...
compiling main.c...
linking...
Program Size: Code=4188 RO-data=16 RW-data=0 ZI-data=1256  
FromELF: creating hex file...
"RTC.axf" - 0 Error(s), 1 Warning(s).
Build target 'Target 1'
assembling Startup.s...
compiling clcd.c...
clcd.c(246): warning:  #186-D: pointless comparison of unsigned integer with zero
compiling rtc.c...
compiling main.c...
linking...
Program Size: Code=4188 RO-data=16 RW-data=0 ZI-data=1256  
FromELF: creating hex file...
"RTC.axf" - 0 Error(s), 1 Warning(s).
Build target 'Target 1'
assembling Startup.s...
compiling clcd.c...
clcd.c(246): warning:  #186-D: pointless comparison of unsigned integer with zero
compiling rtc.c...
compiling main.c...
linking...
Program Size: Code=4292 RO-data=16 RW-data=0 ZI-data=1256  
FromELF: creating hex file...
"RTC.axf" - 0 Error(s), 1 Warning(s).
Build target 'Target 1'
assembling Startup.s...
compiling clcd.c...
clcd.c(246): warning:  #186-D: pointless comparison of unsigned integer with zero
compiling rtc.c...
compiling main.c...
linking...
Program Size: Code=4292 RO-data=16 RW-data=0 ZI-data=1256  
FromELF: creating hex file...
"RTC.axf" - 0 Error(s), 1 Warning(s).
