<html>
<body>
<pre>
<h1>µVision Build Log</h1>
<h2>Project:</h2>
F:\Products\Current\Product CD\ARM7 Development Board\ARM7 Dev Board\Firmware v1.0\Source Code\Accelerometer\MMA7455 Test Code\vibes_log.uvproj
Project File Date:  10/13/2012

<h2>Output:</h2>
Build target 'Target 1'
assembling Startup.s...
compiling main.c...
compiling mmaspi.c...
compiling spi0.c...
compiling uart.c...
uart.c(110): warning:  #1293-D: assignment in condition
uart.c(220): warning:  #186-D: pointless comparison of unsigned integer with zero
compiling clcd.c...
linking...
Program Size: Code=6676 RO-data=32 RW-data=16 ZI-data=1256  
FromELF: creating hex file...
"vibes_log.axf" - 0 Error(s), 2 Warning(s).
Build target 'Target 1'
assembling Startup.s...
compiling main.c...
compiling mmaspi.c...
compiling spi0.c...
compiling uart.c...
uart.c(110): warning:  #1293-D: assignment in condition
uart.c(220): warning:  #186-D: pointless comparison of unsigned integer with zero
compiling clcd.c...
linking...
Program Size: Code=6676 RO-data=32 RW-data=16 ZI-data=1256  
FromELF: creating hex file...
"vibes_log.axf" - 0 Error(s), 2 Warning(s).
