<html>
<body>
<pre>
<h1>µVision Build Log</h1>
<h2>Project:</h2>
F:\Products\Current\Product CD\ARM7 Development Board\ARM7 Dev Board\Firmware v1.0\Source Code\Temperature Sensor\LM35\temperature.uvproj
Project File Date:  04/28/2011

<h2>Output:</h2>
Build target 'Target 1'
assembling Startup.s...
compiling main.c...
compiling adc.c...
compiling clcd.c...
clcd.c(246): warning:  #186-D: pointless comparison of unsigned integer with zero
linking...
Program Size: Code=5884 RO-data=32 RW-data=4 ZI-data=1260  
FromELF: creating hex file...
"temperature.axf" - 0 Error(s), 1 Warning(s).
