<html>
<body>
<pre>
<h1>µVision Build Log</h1>
<h2>Project:</h2>
F:\Products\Current\Product CD\ARM7 Development Board\ARM7 Dev Board\Firmware v1.0\Source Code\EEPROM\I2C EEPROM.uvproj
Project File Date:  05/02/2011

<h2>Output:</h2>
Build target 'Target 1'
assembling Startup.s...
compiling clcd.c...
clcd.c(246): warning:  #186-D: pointless comparison of unsigned integer with zero
compiling eeprom.c...
compiling i2c.c...
compiling main.c...
main.c(62): error:  #20: identifier "PLLCFG" is undefined
main.c(63): error:  #268: declaration may not appear after executable statement in block
Target not created
Build target 'Target 1'
assembling Startup.s...
compiling clcd.c...
clcd.c(246): warning:  #186-D: pointless comparison of unsigned integer with zero
compiling eeprom.c...
compiling i2c.c...
compiling main.c...
main.c(63): error:  #268: declaration may not appear after executable statement in block
Target not created
Build target 'Target 1'
assembling Startup.s...
compiling clcd.c...
clcd.c(246): warning:  #186-D: pointless comparison of unsigned integer with zero
compiling eeprom.c...
compiling i2c.c...
compiling main.c...
linking...
Program Size: Code=4964 RO-data=32 RW-data=4 ZI-data=1260  
FromELF: creating hex file...
"I2C EEPROM.axf" - 0 Error(s), 1 Warning(s).
Build target 'Target 1'
assembling Startup.s...
compiling clcd.c...
clcd.c(246): warning:  #186-D: pointless comparison of unsigned integer with zero
compiling eeprom.c...
compiling i2c.c...
compiling main.c...
linking...
Program Size: Code=4964 RO-data=32 RW-data=4 ZI-data=1260  
FromELF: creating hex file...
"I2C EEPROM.axf" - 0 Error(s), 1 Warning(s).
Build target 'Target 1'
assembling Startup.s...
compiling clcd.c...
clcd.c(246): warning:  #186-D: pointless comparison of unsigned integer with zero
compiling eeprom.c...
compiling i2c.c...
compiling main.c...
linking...
Program Size: Code=4952 RO-data=32 RW-data=4 ZI-data=1260  
FromELF: creating hex file...
"I2C EEPROM.axf" - 0 Error(s), 1 Warning(s).
