<html>
<body>
<pre>
<h1>µVision Build Log</h1>
<h2>Project:</h2>
F:\Products\Current\Work\Firmware\ARM7\ARM7 Development Board\SourceCode_for_PrasmimMehta\EEPROM\I2C EEPROM.uvproj
Project File Date:  07/17/2013

<h2>Output:</h2>
Build target 'Target 1'
assembling Startup.s...
compiling clcd.c...
clcd.c(246): warning:  #186-D: pointless comparison of unsigned integer with zero
compiling eeprom.c...
compiling i2c.c...
compiling main.c...
linking...
Program Size: Code=5972 RO-data=32 RW-data=20 ZI-data=1260  
FromELF: creating hex file...
"I2C EEPROM.axf" - 0 Error(s), 1 Warning(s).
