<html>
<body>
<pre>
<h1>µVision Build Log</h1>
<h2>Project:</h2>
F:\Products\Current\Work\Firmware\ARM7\Entesla & Magicman's ARM7 Dev Board\Firmware v1.0\Final\UART1\uart1.uvproj
Project File Date:  04/29/2011

<h2>Output:</h2>
Build target 'Target 1'
assembling Startup.s...
compiling uart.c...
compiling main.c...
linking...
Program Size: Code=1492 RO-data=16 RW-data=0 ZI-data=1256  
FromELF: creating hex file...
"uart0.axf" - 0 Error(s), 0 Warning(s).
Build target 'Target 1'
assembling Startup.s...
compiling uart.c...
compiling main.c...
linking...
Program Size: Code=1492 RO-data=16 RW-data=0 ZI-data=1256  
FromELF: creating hex file...
"uart1.axf" - 0 Error(s), 0 Warning(s).
Build target 'Target 1'
assembling Startup.s...
compiling uart.c...
compiling main.c...
linking...
Program Size: Code=1508 RO-data=16 RW-data=0 ZI-data=1256  
FromELF: creating hex file...
"uart1.axf" - 0 Error(s), 0 Warning(s).
Build target 'Target 1'
assembling Startup.s...
compiling uart.c...
compiling main.c...
linking...
Program Size: Code=1508 RO-data=16 RW-data=0 ZI-data=1256  
FromELF: creating hex file...
"uart1.axf" - 0 Error(s), 0 Warning(s).
Build target 'Target 1'
assembling Startup.s...
compiling uart.c...
compiling main.c...
linking...
Program Size: Code=1508 RO-data=16 RW-data=0 ZI-data=1256  
FromELF: creating hex file...
"uart1.axf" - 0 Error(s), 0 Warning(s).
